/home/udoodev/build/mqx/udooneo-dev/mqx/lib/imx6sx_sdb_m4.gcc_arm/release/open-amp/obj/rpmsg_porting.o
/home/udoodev/build/mqx/udooneo-dev/mqx/lib/imx6sx_sdb_m4.gcc_arm/release/open-amp/obj/rpmsg_rtos.o
/home/udoodev/build/mqx/udooneo-dev/mqx/lib/imx6sx_sdb_m4.gcc_arm/release/open-amp/obj/llist.o
/home/udoodev/build/mqx/udooneo-dev/mqx/lib/imx6sx_sdb_m4.gcc_arm/release/open-amp/obj/virtqueue.o
/home/udoodev/build/mqx/udooneo-dev/mqx/lib/imx6sx_sdb_m4.gcc_arm/release/open-amp/obj/hil.o
/home/udoodev/build/mqx/udooneo-dev/mqx/lib/imx6sx_sdb_m4.gcc_arm/release/open-amp/obj/platform_info.o
/home/udoodev/build/mqx/udooneo-dev/mqx/lib/imx6sx_sdb_m4.gcc_arm/release/open-amp/obj/virtio.o
/home/udoodev/build/mqx/udooneo-dev/mqx/lib/imx6sx_sdb_m4.gcc_arm/release/open-amp/obj/rpmsg_ext.o
/home/udoodev/build/mqx/udooneo-dev/mqx/lib/imx6sx_sdb_m4.gcc_arm/release/open-amp/obj/remote_device.o
/home/udoodev/build/mqx/udooneo-dev/mqx/lib/imx6sx_sdb_m4.gcc_arm/release/open-amp/obj/rpmsg_core.o
/home/udoodev/build/mqx/udooneo-dev/mqx/lib/imx6sx_sdb_m4.gcc_arm/release/open-amp/obj/sh_mem.o
/home/udoodev/build/mqx/udooneo-dev/mqx/lib/imx6sx_sdb_m4.gcc_arm/release/open-amp/obj/platform.o
/home/udoodev/build/mqx/udooneo-dev/mqx/lib/imx6sx_sdb_m4.gcc_arm/release/open-amp/obj/rpmsg.o
/home/udoodev/build/mqx/udooneo-dev/mqx/lib/imx6sx_sdb_m4.gcc_arm/release/open-amp/obj/config.o
